array (
  'error' => 'authorization_error',
  'error_description' => 'Unable to authorize user',
)array (
  'result' => 
  array (
    0 => 
    array (
      'ID' => '11',
      'TIMESTAMP_X' => '2026-01-21T16:43:46+03:00',
      'MODIFIED_BY' => '13',
      'DATE_CREATE' => '2026-01-21T16:43:15+03:00',
      'CREATED_BY' => '13',
      'ACTIVE' => 'Y',
      'DATE_ACTIVE_FROM' => '',
      'DATE_ACTIVE_TO' => '',
      'SORT' => '500',
      'NAME' => 'Новая кнопка 1',
      'PREVIEW_PICTURE' => NULL,
      'PREVIEW_TEXT' => NULL,
      'DETAIL_PICTURE' => NULL,
      'DETAIL_TEXT' => NULL,
      'CODE' => NULL,
      'ENTITY' => 'customButton',
      'SECTION' => NULL,
      'PROPERTY_VALUES' => 
      array (
        'buttonName_FIELDS' => 'Новая wrefr1',
        'customField_FIELDS' => '',
        'buttonColor_FIELDS' => '#000000',
        'textColor_FIELDS' => '#ffffff',
        'buttonRadius_FIELDS' => '5',
        'buttonBorder_FIELDS' => '0',
        'buttonBorderWidth_FIELDS' => '5',
        'buttonBorderColor_FIELDS' => '#000000',
        'textOnTheButton_FIELDS' => 'Кнопка',
        'usingTheIcon_FIELDS' => '1',
        'iconOnTheButton_FIELDS' => '',
        'entitySelection_FIELDS' => '{"value":"Deal","name":"Сделка"}',
        'buttonActionsId_FIELDS' => '[3]',
        'businessProcessesValue_FIELDS' => '[]',
        'documentTemplatesValue_FIELDS' => '[]',
        'listsValue_FIELDS' => '',
        'fieldsTable_FIELDS' => '[[],[]]',
        'crmLinkFields_FIELDS' => '',
        'link_FIELDS' => '',
        'buttonInCRM_FIELDS' => '0',
      ),
    ),
  ),
  'total' => 1,
  'time' => 
  array (
    'start' => 1769004060,
    'finish' => 1769004060.997504,
    'duration' => 0.9975039958953857,
    'processing' => 0,
    'date_start' => '2026-01-21T17:01:00+03:00',
    'date_finish' => '2026-01-21T17:01:00+03:00',
    'operating_reset_at' => 1769004660,
    'operating' => 0,
  ),
)array (
  'result' => 
  array (
    0 => 
    array (
      'ID' => '11',
      'TIMESTAMP_X' => '2026-01-21T16:43:46+03:00',
      'MODIFIED_BY' => '13',
      'DATE_CREATE' => '2026-01-21T16:43:15+03:00',
      'CREATED_BY' => '13',
      'ACTIVE' => 'Y',
      'DATE_ACTIVE_FROM' => '',
      'DATE_ACTIVE_TO' => '',
      'SORT' => '500',
      'NAME' => 'Новая кнопка 1',
      'PREVIEW_PICTURE' => NULL,
      'PREVIEW_TEXT' => NULL,
      'DETAIL_PICTURE' => NULL,
      'DETAIL_TEXT' => NULL,
      'CODE' => NULL,
      'ENTITY' => 'customButton',
      'SECTION' => NULL,
      'PROPERTY_VALUES' => 
      array (
        'buttonName_FIELDS' => 'Новая wrefr1',
        'customField_FIELDS' => '',
        'buttonColor_FIELDS' => '#000000',
        'textColor_FIELDS' => '#ffffff',
        'buttonRadius_FIELDS' => '5',
        'buttonBorder_FIELDS' => '0',
        'buttonBorderWidth_FIELDS' => '5',
        'buttonBorderColor_FIELDS' => '#000000',
        'textOnTheButton_FIELDS' => 'Кнопка',
        'usingTheIcon_FIELDS' => '1',
        'iconOnTheButton_FIELDS' => '',
        'entitySelection_FIELDS' => '{"value":"Deal","name":"Сделка"}',
        'buttonActionsId_FIELDS' => '[3]',
        'businessProcessesValue_FIELDS' => '[]',
        'documentTemplatesValue_FIELDS' => '[]',
        'listsValue_FIELDS' => '',
        'fieldsTable_FIELDS' => '[[],[]]',
        'crmLinkFields_FIELDS' => '',
        'link_FIELDS' => '',
        'buttonInCRM_FIELDS' => '0',
      ),
    ),
  ),
  'total' => 1,
  'time' => 
  array (
    'start' => 1769004186,
    'finish' => 1769004186.494468,
    'duration' => 0.49446797370910645,
    'processing' => 0,
    'date_start' => '2026-01-21T17:03:06+03:00',
    'date_finish' => '2026-01-21T17:03:06+03:00',
    'operating_reset_at' => 1769004786,
    'operating' => 0,
  ),
)