array (
  'DOMAIN' => 'mact.bitrix24.ru',
  'PROTOCOL' => '1',
  'LANG' => 'ru',
  'APP_SID' => '63e5a1c422c26e41a42a0a89e4b4507c',
  'AUTH_ID' => 'bf337d660063209c003eb322000020f400000789d1f3d89ef7b054f90fa12fd0d96f57',
  'AUTH_EXPIRES' => '3600',
  'REFRESH_ID' => 'afb2a4660063209c003eb322000020f4000007ca5860ad82dd99fecfd1e44109d2d86f',
  'member_id' => '028f95fb230e41cc0b0a3ea4cb463f33',
  'status' => 'S',
  'PLACEMENT' => 'DEFAULT',
  'PLACEMENT_OPTIONS' => '{"any":"86\\/"}',
)NULLarray (
  'DOMAIN' => 'mact.bitrix24.ru',
  'PROTOCOL' => '1',
  'LANG' => 'ru',
  'APP_SID' => '4179674c47e4e328823e7ecb75c8d5a9',
  'AUTH_ID' => 'fd347d660063209c003eb322000020f40000070baff38e3e8b2dea424a0b1669d2a9e9',
  'AUTH_EXPIRES' => '3600',
  'REFRESH_ID' => 'edb3a4660063209c003eb322000020f4000007ff65f08e8e345e804eb5148c3cbdac66',
  'member_id' => '028f95fb230e41cc0b0a3ea4cb463f33',
  'status' => 'S',
  'PLACEMENT' => 'DEFAULT',
  'PLACEMENT_OPTIONS' => '{"any":"86\\/"}',
)NULL1048069708