array (
  'id' => 1,
  'xmlId' => '',
  'title' => 'dogovor #1',
  'createdBy' => 1,
  'updatedBy' => 1,
  'movedBy' => 1,
  'createdTime' => '2024-02-19T10:58:30+03:00',
  'updatedTime' => '2024-02-19T10:58:30+03:00',
  'movedTime' => '2024-02-19T10:58:30+03:00',
  'categoryId' => 11,
  'opened' => 'N',
  'stageId' => 'DT167_11:NEW',
  'previousStageId' => '',
  'begindate' => '2024-02-19T03:00:00+03:00',
  'closedate' => '2024-02-26T03:00:00+03:00',
  'companyId' => 0,
  'contactId' => 0,
  'opportunity' => 0,
  'isManualOpportunity' => 'N',
  'taxValue' => 0,
  'currencyId' => 'RUB',
  'opportunityAccount' => 0,
  'taxValueAccount' => 0,
  'accountCurrencyId' => 'RUB',
  'mycompanyId' => 0,
  'sourceId' => 'CALL',
  'sourceDescription' => '',
  'webformId' => 0,
  'ufCrm5_1708433987848' => NULL,
  'ufCrm5_1708434466912' => NULL,
  'ufCrm5_1708499445' => NULL,
  'ufCrm5_1708500488' => NULL,
  'ufCrm5_1708501649' => NULL,
  'ufCrm5_1708503222' => NULL,
  'assignedById' => 1,
  'lastActivityBy' => 1,
  'lastActivityTime' => '2024-02-19T10:58:30+03:00',
  'utmSource' => NULL,
  'utmMedium' => NULL,
  'utmCampaign' => NULL,
  'utmContent' => NULL,
  'utmTerm' => NULL,
  'observers' => 
  array (
  ),
  'contactIds' => 
  array (
  ),
  'entityTypeId' => 167,
)array (
  'id' => 1,
  'xmlId' => '',
  'title' => 'dogovor #1',
  'createdBy' => 1,
  'updatedBy' => 1,
  'movedBy' => 1,
  'createdTime' => '2024-02-19T10:58:30+03:00',
  'updatedTime' => '2024-02-21T15:29:12+03:00',
  'movedTime' => '2024-02-19T10:58:30+03:00',
  'categoryId' => 11,
  'opened' => 'N',
  'stageId' => 'DT167_11:NEW',
  'previousStageId' => '',
  'begindate' => '2024-02-19T03:00:00+03:00',
  'closedate' => '2024-02-26T03:00:00+03:00',
  'companyId' => 0,
  'contactId' => 0,
  'opportunity' => 0,
  'isManualOpportunity' => 'N',
  'taxValue' => 0,
  'currencyId' => 'RUB',
  'opportunityAccount' => 0,
  'taxValueAccount' => 0,
  'accountCurrencyId' => 'RUB',
  'mycompanyId' => 0,
  'sourceId' => 'CALL',
  'sourceDescription' => '',
  'webformId' => 0,
  'ufCrm5_1708433987848' => '150000 Ярославль Ярославская область, Россия|57.6263877;39.8933705|1',
  'ufCrm5_1708434466912' => NULL,
  'ufCrm5_1708499445' => NULL,
  'ufCrm5_1708500488' => NULL,
  'ufCrm5_1708501649' => NULL,
  'ufCrm5_1708503222' => NULL,
  'assignedById' => 1,
  'lastActivityBy' => 1,
  'lastActivityTime' => '2024-02-19T10:58:30+03:00',
  'utmSource' => NULL,
  'utmMedium' => NULL,
  'utmCampaign' => NULL,
  'utmContent' => NULL,
  'utmTerm' => NULL,
  'observers' => 
  array (
  ),
  'contactIds' => 
  array (
  ),
  'entityTypeId' => 167,
)array (
  'id' => 1,
  'xmlId' => '',
  'title' => 'smartproc #1',
  'createdBy' => 1,
  'updatedBy' => 1,
  'movedBy' => 1,
  'createdTime' => '2024-02-21T16:03:53+03:00',
  'updatedTime' => '2024-02-21T16:05:31+03:00',
  'movedTime' => '2024-02-21T16:03:53+03:00',
  'categoryId' => 11,
  'opened' => 'N',
  'stageId' => 'DT137_11:NEW',
  'previousStageId' => '',
  'begindate' => '2024-02-21T03:00:00+03:00',
  'closedate' => '2024-02-28T03:00:00+03:00',
  'companyId' => 0,
  'contactId' => 0,
  'opportunity' => 0,
  'isManualOpportunity' => 'N',
  'taxValue' => 0,
  'currencyId' => 'RUB',
  'opportunityAccount' => 0,
  'taxValueAccount' => 0,
  'accountCurrencyId' => 'RUB',
  'mycompanyId' => 0,
  'sourceId' => 'CALL',
  'sourceDescription' => '',
  'webformId' => 0,
  'ufCrm5_1708520724371' => '150000 Ярославль Ярославская область, Россия|57.6263877;39.8933705|1',
  'ufCrm5_1708521147' => NULL,
  'ufCrm5_1708521165' => NULL,
  'ufCrm5_1708521181' => NULL,
  'ufCrm5_1708521198' => NULL,
  'assignedById' => 1,
  'lastActivityBy' => 1,
  'lastActivityTime' => '2024-02-21T16:03:53+03:00',
  'utmSource' => NULL,
  'utmMedium' => NULL,
  'utmCampaign' => NULL,
  'utmContent' => NULL,
  'utmTerm' => NULL,
  'observers' => 
  array (
  ),
  'contactIds' => 
  array (
  ),
  'entityTypeId' => 137,
)array (
  'id' => 2,
  'xmlId' => '',
  'title' => 'смарт процесс намбер ту #2',
  'createdBy' => 1,
  'updatedBy' => 1,
  'movedBy' => 1,
  'createdTime' => '2024-02-22T09:49:31+03:00',
  'updatedTime' => '2024-02-22T09:49:31+03:00',
  'movedTime' => '2024-02-22T09:49:31+03:00',
  'categoryId' => 12,
  'opened' => 'N',
  'stageId' => 'DT173_12:NEW',
  'previousStageId' => '',
  'begindate' => '2024-02-22T03:00:00+03:00',
  'closedate' => '2024-02-29T03:00:00+03:00',
  'companyId' => 0,
  'contactId' => 0,
  'opportunity' => 0,
  'isManualOpportunity' => 'N',
  'taxValue' => 0,
  'currencyId' => 'RUB',
  'opportunityAccount' => 0,
  'taxValueAccount' => 0,
  'accountCurrencyId' => 'RUB',
  'mycompanyId' => 0,
  'sourceId' => 'CALL',
  'sourceDescription' => '',
  'webformId' => 0,
  'ufCrm8_1708584565886' => '150000 Ярославль Ярославская область, Россия|57.6263877;39.8933705|2',
  'ufCrm8_1708584704' => NULL,
  'ufCrm8_1708584713' => NULL,
  'ufCrm8_1708584722' => NULL,
  'ufCrm8_1708584759' => NULL,
  'assignedById' => 1,
  'lastActivityBy' => 1,
  'lastActivityTime' => '2024-02-22T09:49:31+03:00',
  'utmSource' => NULL,
  'utmMedium' => NULL,
  'utmCampaign' => NULL,
  'utmContent' => NULL,
  'utmTerm' => NULL,
  'observers' => 
  array (
  ),
  'contactIds' => 
  array (
  ),
  'entityTypeId' => 173,
)array (
  'id' => 2,
  'xmlId' => '',
  'title' => 'СП 1',
  'createdBy' => 1,
  'updatedBy' => 1,
  'movedBy' => 1,
  'createdTime' => '2024-02-22T15:33:11+03:00',
  'updatedTime' => '2024-02-22T15:33:11+03:00',
  'movedTime' => '2024-02-22T15:33:11+03:00',
  'categoryId' => 10,
  'opened' => 'N',
  'stageId' => 'DT132_10:NEW',
  'previousStageId' => '',
  'begindate' => '2024-02-22T03:00:00+03:00',
  'closedate' => '2024-02-29T03:00:00+03:00',
  'companyId' => 0,
  'contactId' => 0,
  'opportunity' => 0,
  'isManualOpportunity' => 'N',
  'taxValue' => 0,
  'currencyId' => 'RUB',
  'opportunityAccount' => 0,
  'taxValueAccount' => 0,
  'accountCurrencyId' => 'RUB',
  'mycompanyId' => 0,
  'sourceId' => 'CALL',
  'sourceDescription' => '',
  'webformId' => 0,
  'ufCrm6_1708605385' => NULL,
  'assignedById' => 1,
  'lastActivityBy' => 1,
  'lastActivityTime' => '2024-02-22T15:33:11+03:00',
  'utmSource' => NULL,
  'utmMedium' => NULL,
  'utmCampaign' => NULL,
  'utmContent' => NULL,
  'utmTerm' => NULL,
  'observers' => 
  array (
  ),
  'contactIds' => 
  array (
  ),
  'entityTypeId' => 132,
)array (
  'id' => 2,
  'xmlId' => '',
  'title' => 'СП 1',
  'createdBy' => 1,
  'updatedBy' => 1,
  'movedBy' => 1,
  'createdTime' => '2024-02-22T15:33:11+03:00',
  'updatedTime' => '2024-02-22T15:33:11+03:00',
  'movedTime' => '2024-02-22T15:33:11+03:00',
  'categoryId' => 10,
  'opened' => 'N',
  'stageId' => 'DT132_10:NEW',
  'previousStageId' => '',
  'begindate' => '2024-02-22T03:00:00+03:00',
  'closedate' => '2024-02-29T03:00:00+03:00',
  'companyId' => 0,
  'contactId' => 0,
  'opportunity' => 0,
  'isManualOpportunity' => 'N',
  'taxValue' => 0,
  'currencyId' => 'RUB',
  'opportunityAccount' => 0,
  'taxValueAccount' => 0,
  'accountCurrencyId' => 'RUB',
  'mycompanyId' => 0,
  'sourceId' => 'CALL',
  'sourceDescription' => '',
  'webformId' => 0,
  'ufCrm6_1708605385' => NULL,
  'assignedById' => 1,
  'lastActivityBy' => 1,
  'lastActivityTime' => '2024-02-22T15:33:11+03:00',
  'utmSource' => NULL,
  'utmMedium' => NULL,
  'utmCampaign' => NULL,
  'utmContent' => NULL,
  'utmTerm' => NULL,
  'observers' => 
  array (
  ),
  'contactIds' => 
  array (
  ),
  'entityTypeId' => 132,
)array (
  'id' => 2,
  'xmlId' => '',
  'title' => 'СП 1',
  'createdBy' => 1,
  'updatedBy' => 1,
  'movedBy' => 1,
  'createdTime' => '2024-02-22T15:33:11+03:00',
  'updatedTime' => '2024-02-22T15:33:11+03:00',
  'movedTime' => '2024-02-22T15:33:11+03:00',
  'categoryId' => 10,
  'opened' => 'N',
  'stageId' => 'DT132_10:NEW',
  'previousStageId' => '',
  'begindate' => '2024-02-22T03:00:00+03:00',
  'closedate' => '2024-02-29T03:00:00+03:00',
  'companyId' => 0,
  'contactId' => 0,
  'opportunity' => 0,
  'isManualOpportunity' => 'N',
  'taxValue' => 0,
  'currencyId' => 'RUB',
  'opportunityAccount' => 0,
  'taxValueAccount' => 0,
  'accountCurrencyId' => 'RUB',
  'mycompanyId' => 0,
  'sourceId' => 'CALL',
  'sourceDescription' => '',
  'webformId' => 0,
  'ufCrm6_1708605385' => NULL,
  'assignedById' => 1,
  'lastActivityBy' => 1,
  'lastActivityTime' => '2024-02-22T15:33:11+03:00',
  'utmSource' => NULL,
  'utmMedium' => NULL,
  'utmCampaign' => NULL,
  'utmContent' => NULL,
  'utmTerm' => NULL,
  'observers' => 
  array (
  ),
  'contactIds' => 
  array (
  ),
  'entityTypeId' => 132,
)array (
  'id' => 2,
  'xmlId' => '',
  'title' => 'СП 1',
  'createdBy' => 1,
  'updatedBy' => 1,
  'movedBy' => 1,
  'createdTime' => '2024-02-22T15:33:11+03:00',
  'updatedTime' => '2024-02-22T15:55:25+03:00',
  'movedTime' => '2024-02-22T15:33:11+03:00',
  'categoryId' => 10,
  'opened' => 'N',
  'stageId' => 'DT132_10:NEW',
  'previousStageId' => '',
  'begindate' => '2024-02-22T03:00:00+03:00',
  'closedate' => '2024-02-29T03:00:00+03:00',
  'companyId' => 0,
  'contactId' => 0,
  'opportunity' => 0,
  'isManualOpportunity' => 'N',
  'taxValue' => 0,
  'currencyId' => 'RUB',
  'opportunityAccount' => 0,
  'taxValueAccount' => 0,
  'accountCurrencyId' => 'RUB',
  'mycompanyId' => 0,
  'sourceId' => 'CALL',
  'sourceDescription' => '',
  'webformId' => 0,
  'ufCrm6_1708605385' => NULL,
  'ufCrm6_1708606505202' => 'длывамдльывам',
  'ufCrm6_1708606525002' => '2024-02-21T03:00:00+03:00',
  'assignedById' => 1,
  'lastActivityBy' => 1,
  'lastActivityTime' => '2024-02-22T15:33:11+03:00',
  'utmSource' => NULL,
  'utmMedium' => NULL,
  'utmCampaign' => NULL,
  'utmContent' => NULL,
  'utmTerm' => NULL,
  'observers' => 
  array (
  ),
  'contactIds' => 
  array (
  ),
  'entityTypeId' => 132,
)array (
  'id' => 2,
  'xmlId' => '',
  'title' => 'СП 1',
  'createdBy' => 1,
  'updatedBy' => 1,
  'movedBy' => 1,
  'createdTime' => '2024-02-22T15:33:11+03:00',
  'updatedTime' => '2024-02-22T15:58:58+03:00',
  'movedTime' => '2024-02-22T15:33:11+03:00',
  'categoryId' => 10,
  'opened' => 'N',
  'stageId' => 'DT132_10:NEW',
  'previousStageId' => '',
  'begindate' => '2024-02-22T03:00:00+03:00',
  'closedate' => '2024-02-29T03:00:00+03:00',
  'companyId' => 0,
  'contactId' => 0,
  'opportunity' => 0,
  'isManualOpportunity' => 'N',
  'taxValue' => 0,
  'currencyId' => 'RUB',
  'opportunityAccount' => 0,
  'taxValueAccount' => 0,
  'accountCurrencyId' => 'RUB',
  'mycompanyId' => 0,
  'sourceId' => 'CALL',
  'sourceDescription' => '',
  'webformId' => 0,
  'ufCrm6_1708605385' => NULL,
  'ufCrm6_1708606505202' => 'длывамдльывам',
  'ufCrm6_1708606525002' => '2024-02-21T03:00:00+03:00',
  'ufCrm6_1708606725121' => 9878,
  'assignedById' => 1,
  'lastActivityBy' => 1,
  'lastActivityTime' => '2024-02-22T15:33:11+03:00',
  'utmSource' => NULL,
  'utmMedium' => NULL,
  'utmCampaign' => NULL,
  'utmContent' => NULL,
  'utmTerm' => NULL,
  'observers' => 
  array (
  ),
  'contactIds' => 
  array (
  ),
  'entityTypeId' => 132,
)array (
  'id' => 2,
  'xmlId' => '',
  'title' => 'СП 1',
  'createdBy' => 1,
  'updatedBy' => 1,
  'movedBy' => 1,
  'createdTime' => '2024-02-22T15:33:11+03:00',
  'updatedTime' => '2024-02-22T16:00:35+03:00',
  'movedTime' => '2024-02-22T15:33:11+03:00',
  'categoryId' => 10,
  'opened' => 'N',
  'stageId' => 'DT132_10:NEW',
  'previousStageId' => '',
  'begindate' => '2024-02-22T03:00:00+03:00',
  'closedate' => '2024-02-29T03:00:00+03:00',
  'companyId' => 0,
  'contactId' => 0,
  'opportunity' => 0,
  'isManualOpportunity' => 'N',
  'taxValue' => 0,
  'currencyId' => 'RUB',
  'opportunityAccount' => 0,
  'taxValueAccount' => 0,
  'accountCurrencyId' => 'RUB',
  'mycompanyId' => 0,
  'sourceId' => 'CALL',
  'sourceDescription' => '',
  'webformId' => 0,
  'ufCrm6_1708605385' => NULL,
  'ufCrm6_1708606505202' => 'длывамдльывам',
  'ufCrm6_1708606525002' => '2024-02-21T03:00:00+03:00',
  'ufCrm6_1708606725121' => 9,
  'assignedById' => 1,
  'lastActivityBy' => 1,
  'lastActivityTime' => '2024-02-22T15:33:11+03:00',
  'utmSource' => NULL,
  'utmMedium' => NULL,
  'utmCampaign' => NULL,
  'utmContent' => NULL,
  'utmTerm' => NULL,
  'observers' => 
  array (
  ),
  'contactIds' => 
  array (
  ),
  'entityTypeId' => 132,
)array (
  'id' => 2,
  'xmlId' => '',
  'title' => 'СП 1',
  'createdBy' => 1,
  'updatedBy' => 1,
  'movedBy' => 1,
  'createdTime' => '2024-02-22T15:33:11+03:00',
  'updatedTime' => '2024-02-22T16:00:35+03:00',
  'movedTime' => '2024-02-22T15:33:11+03:00',
  'categoryId' => 10,
  'opened' => 'N',
  'stageId' => 'DT132_10:NEW',
  'previousStageId' => '',
  'begindate' => '2024-02-22T03:00:00+03:00',
  'closedate' => '2024-02-29T03:00:00+03:00',
  'companyId' => 0,
  'contactId' => 0,
  'opportunity' => 0,
  'isManualOpportunity' => 'N',
  'taxValue' => 0,
  'currencyId' => 'RUB',
  'opportunityAccount' => 0,
  'taxValueAccount' => 0,
  'accountCurrencyId' => 'RUB',
  'mycompanyId' => 0,
  'sourceId' => 'CALL',
  'sourceDescription' => '',
  'webformId' => 0,
  'ufCrm6_1708605385' => NULL,
  'ufCrm6_1708606505202' => 'длывамдльывам',
  'ufCrm6_1708606525002' => '2024-02-21T03:00:00+03:00',
  'ufCrm6_1708606725121' => 9,
  'assignedById' => 1,
  'lastActivityBy' => 1,
  'lastActivityTime' => '2024-02-22T15:33:11+03:00',
  'utmSource' => NULL,
  'utmMedium' => NULL,
  'utmCampaign' => NULL,
  'utmContent' => NULL,
  'utmTerm' => NULL,
  'observers' => 
  array (
  ),
  'contactIds' => 
  array (
  ),
  'entityTypeId' => 132,
)array (
  'id' => 2,
  'xmlId' => '',
  'title' => 'СП 1',
  'createdBy' => 1,
  'updatedBy' => 1,
  'movedBy' => 1,
  'createdTime' => '2024-02-22T15:33:11+03:00',
  'updatedTime' => '2024-02-22T16:02:10+03:00',
  'movedTime' => '2024-02-22T15:33:11+03:00',
  'categoryId' => 10,
  'opened' => 'N',
  'stageId' => 'DT132_10:NEW',
  'previousStageId' => '',
  'begindate' => '2024-02-22T03:00:00+03:00',
  'closedate' => '2024-02-29T03:00:00+03:00',
  'companyId' => 0,
  'contactId' => 0,
  'opportunity' => 0,
  'isManualOpportunity' => 'N',
  'taxValue' => 0,
  'currencyId' => 'RUB',
  'opportunityAccount' => 0,
  'taxValueAccount' => 0,
  'accountCurrencyId' => 'RUB',
  'mycompanyId' => 0,
  'sourceId' => 'CALL',
  'sourceDescription' => '',
  'webformId' => 0,
  'ufCrm6_1708605385' => NULL,
  'ufCrm6_1708606505202' => 'длывамдльывам',
  'ufCrm6_1708606525002' => '2024-02-21T03:00:00+03:00',
  'ufCrm6_1708606725121' => 23449,
  'assignedById' => 1,
  'lastActivityBy' => 1,
  'lastActivityTime' => '2024-02-22T15:33:11+03:00',
  'utmSource' => NULL,
  'utmMedium' => NULL,
  'utmCampaign' => NULL,
  'utmContent' => NULL,
  'utmTerm' => NULL,
  'observers' => 
  array (
  ),
  'contactIds' => 
  array (
  ),
  'entityTypeId' => 132,
)array (
  'id' => 2,
  'xmlId' => '',
  'title' => 'СП 1',
  'createdBy' => 1,
  'updatedBy' => 1,
  'movedBy' => 1,
  'createdTime' => '2024-02-22T15:33:11+03:00',
  'updatedTime' => '2024-02-22T16:02:10+03:00',
  'movedTime' => '2024-02-22T15:33:11+03:00',
  'categoryId' => 10,
  'opened' => 'N',
  'stageId' => 'DT132_10:NEW',
  'previousStageId' => '',
  'begindate' => '2024-02-22T03:00:00+03:00',
  'closedate' => '2024-02-29T03:00:00+03:00',
  'companyId' => 0,
  'contactId' => 0,
  'opportunity' => 0,
  'isManualOpportunity' => 'N',
  'taxValue' => 0,
  'currencyId' => 'RUB',
  'opportunityAccount' => 0,
  'taxValueAccount' => 0,
  'accountCurrencyId' => 'RUB',
  'mycompanyId' => 0,
  'sourceId' => 'CALL',
  'sourceDescription' => '',
  'webformId' => 0,
  'ufCrm6_1708605385' => NULL,
  'ufCrm6_1708606505202' => 'длывамдльывам',
  'ufCrm6_1708606525002' => '2024-02-21T03:00:00+03:00',
  'ufCrm6_1708606725121' => 23449,
  'assignedById' => 1,
  'lastActivityBy' => 1,
  'lastActivityTime' => '2024-02-22T15:33:11+03:00',
  'utmSource' => NULL,
  'utmMedium' => NULL,
  'utmCampaign' => NULL,
  'utmContent' => NULL,
  'utmTerm' => NULL,
  'observers' => 
  array (
  ),
  'contactIds' => 
  array (
  ),
  'entityTypeId' => 132,
)array (
  'id' => 2,
  'xmlId' => '',
  'title' => 'СП 1',
  'createdBy' => 1,
  'updatedBy' => 1,
  'movedBy' => 1,
  'createdTime' => '2024-02-22T15:33:11+03:00',
  'updatedTime' => '2024-02-22T16:02:10+03:00',
  'movedTime' => '2024-02-22T15:33:11+03:00',
  'categoryId' => 10,
  'opened' => 'N',
  'stageId' => 'DT132_10:NEW',
  'previousStageId' => '',
  'begindate' => '2024-02-22T03:00:00+03:00',
  'closedate' => '2024-02-29T03:00:00+03:00',
  'companyId' => 0,
  'contactId' => 0,
  'opportunity' => 0,
  'isManualOpportunity' => 'N',
  'taxValue' => 0,
  'currencyId' => 'RUB',
  'opportunityAccount' => 0,
  'taxValueAccount' => 0,
  'accountCurrencyId' => 'RUB',
  'mycompanyId' => 0,
  'sourceId' => 'CALL',
  'sourceDescription' => '',
  'webformId' => 0,
  'ufCrm6_1708605385' => NULL,
  'ufCrm6_1708606505202' => 'длывамдльывам',
  'ufCrm6_1708606525002' => '2024-02-21T03:00:00+03:00',
  'ufCrm6_1708606725121' => 23449,
  'assignedById' => 1,
  'lastActivityBy' => 1,
  'lastActivityTime' => '2024-02-22T15:33:11+03:00',
  'utmSource' => NULL,
  'utmMedium' => NULL,
  'utmCampaign' => NULL,
  'utmContent' => NULL,
  'utmTerm' => NULL,
  'observers' => 
  array (
  ),
  'contactIds' => 
  array (
  ),
  'entityTypeId' => 132,
)NULLNULLarray (
  'ID' => '15',
  'TITLE' => 'Сделка #15',
  'TYPE_ID' => 'SALE',
  'STAGE_ID' => 'PREPARATION',
  'PROBABILITY' => NULL,
  'CURRENCY_ID' => 'RUB',
  'OPPORTUNITY' => '0.00',
  'IS_MANUAL_OPPORTUNITY' => 'N',
  'TAX_VALUE' => '0.00',
  'LEAD_ID' => NULL,
  'COMPANY_ID' => '0',
  'CONTACT_ID' => NULL,
  'QUOTE_ID' => NULL,
  'BEGINDATE' => '2024-02-21T03:00:00+03:00',
  'CLOSEDATE' => '2024-02-28T03:00:00+03:00',
  'ASSIGNED_BY_ID' => '1',
  'CREATED_BY_ID' => '1',
  'MODIFY_BY_ID' => '1',
  'DATE_CREATE' => '2024-02-21T11:04:10+03:00',
  'DATE_MODIFY' => '2024-02-21T14:54:56+03:00',
  'OPENED' => 'Y',
  'CLOSED' => 'N',
  'COMMENTS' => '',
  'ADDITIONAL_INFO' => NULL,
  'LOCATION_ID' => NULL,
  'CATEGORY_ID' => '0',
  'STAGE_SEMANTIC_ID' => 'P',
  'IS_NEW' => 'N',
  'IS_RECURRING' => 'N',
  'IS_RETURN_CUSTOMER' => 'N',
  'IS_REPEATED_APPROACH' => 'N',
  'SOURCE_ID' => '',
  'SOURCE_DESCRIPTION' => '',
  'ORIGINATOR_ID' => NULL,
  'ORIGIN_ID' => NULL,
  'MOVED_BY_ID' => '1',
  'MOVED_TIME' => '2024-02-21T14:54:56+03:00',
  'LAST_ACTIVITY_TIME' => '2024-02-21T11:04:10+03:00',
  'UTM_SOURCE' => NULL,
  'UTM_MEDIUM' => NULL,
  'UTM_CAMPAIGN' => NULL,
  'UTM_CONTENT' => NULL,
  'UTM_TERM' => NULL,
  'LAST_ACTIVITY_BY' => '1',
  'UF_CRM_1709116976497' => false,
)array (
  'ID' => '15',
  'TITLE' => 'Сделка #15',
  'TYPE_ID' => 'SALE',
  'STAGE_ID' => 'PREPARATION',
  'PROBABILITY' => NULL,
  'CURRENCY_ID' => 'RUB',
  'OPPORTUNITY' => '0.00',
  'IS_MANUAL_OPPORTUNITY' => 'N',
  'TAX_VALUE' => '0.00',
  'LEAD_ID' => NULL,
  'COMPANY_ID' => '0',
  'CONTACT_ID' => NULL,
  'QUOTE_ID' => NULL,
  'BEGINDATE' => '2024-02-21T03:00:00+03:00',
  'CLOSEDATE' => '2024-02-28T03:00:00+03:00',
  'ASSIGNED_BY_ID' => '1',
  'CREATED_BY_ID' => '1',
  'MODIFY_BY_ID' => '1',
  'DATE_CREATE' => '2024-02-21T11:04:10+03:00',
  'DATE_MODIFY' => '2024-02-21T14:54:56+03:00',
  'OPENED' => 'Y',
  'CLOSED' => 'N',
  'COMMENTS' => '',
  'ADDITIONAL_INFO' => NULL,
  'LOCATION_ID' => NULL,
  'CATEGORY_ID' => '0',
  'STAGE_SEMANTIC_ID' => 'P',
  'IS_NEW' => 'N',
  'IS_RECURRING' => 'N',
  'IS_RETURN_CUSTOMER' => 'N',
  'IS_REPEATED_APPROACH' => 'N',
  'SOURCE_ID' => '',
  'SOURCE_DESCRIPTION' => '',
  'ORIGINATOR_ID' => NULL,
  'ORIGIN_ID' => NULL,
  'MOVED_BY_ID' => '1',
  'MOVED_TIME' => '2024-02-21T14:54:56+03:00',
  'LAST_ACTIVITY_TIME' => '2024-02-21T11:04:10+03:00',
  'UTM_SOURCE' => NULL,
  'UTM_MEDIUM' => NULL,
  'UTM_CAMPAIGN' => NULL,
  'UTM_CONTENT' => NULL,
  'UTM_TERM' => NULL,
  'LAST_ACTIVITY_BY' => '1',
  'UF_CRM_1709116976497' => false,
)