array (
  'id' => 315,
  'domen' => 'b24-g6jav5.bitrix24.ru',
  'memberId' => '25070ad6abb2c07bf91c9186591e656a',
)array (
  'id' => 315,
  'domen' => 'b24-g6jav5.bitrix24.ru',
  'memberId' => '25070ad6abb2c07bf91c9186591e656a',
)array (
  'id' => 127,
  'domen' => '',
  'memberId' => '09a12efacf504811698aa91547f3cf2b',
)array (
  'id' => 28,
  'domen' => 'uralavtotral.bitrix24.ru',
  'memberId' => '1196ebb94368d85ba8b70396b0ff213f',
)array (
  'id' => 127,
  'domen' => '',
  'memberId' => '09a12efacf504811698aa91547f3cf2b',
)array (
  'id' => 129,
  'domen' => '',
  'memberId' => '09a12efacf504811698aa91547f3cf2b',
)array (
  'id' => 129,
  'domen' => '',
  'memberId' => '09a12efacf504811698aa91547f3cf2b',
)array (
  'id' => 129,
  'domen' => '',
  'memberId' => '09a12efacf504811698aa91547f3cf2b',
)array (
  'id' => 129,
  'domen' => 'b24-mblmjp.bitrix24.ru',
  'memberId' => '09a12efacf504811698aa91547f3cf2b',
)array (
  'id' => 32,
  'domen' => 'alliance-partners.bitrix24.ru',
  'memberId' => '780b96f2c4629713a76b62782f725f9e',
)array (
  'id' => 32,
  'domen' => 'alliance-partners.bitrix24.ru',
  'memberId' => '780b96f2c4629713a76b62782f725f9e',
)array (
  'id' => 12,
  'domen' => 'alliance-partners.bitrix24.ru',
  'memberId' => '780b96f2c4629713a76b62782f725f9e',
)array (
  'id' => 14,
  'domen' => 'alliance-partners.bitrix24.ru',
  'memberId' => '780b96f2c4629713a76b62782f725f9e',
)array (
  'id' => 16,
  'domen' => 'alliance-partners.bitrix24.ru',
  'memberId' => '780b96f2c4629713a76b62782f725f9e',
)array (
  'id' => 18,
  'domen' => 'alliance-partners.bitrix24.ru',
  'memberId' => '780b96f2c4629713a76b62782f725f9e',
)