array (
  0 => 
  array (
    'id' => '1',
    'name' => 'Акт (Россия)',
  ),
  1 => 
  array (
    'id' => '3',
    'name' => 'Счет (Россия)',
  ),
  2 => 
  array (
    'id' => '5',
    'name' => 'Счет-фактура (Россия)',
  ),
  3 => 
  array (
    'id' => '7',
    'name' => 'Накладная (Россия)',
  ),
  4 => 
  array (
    'id' => '9',
    'name' => 'Доверенность (Россия)',
  ),
  5 => 
  array (
    'id' => '11',
    'name' => 'Коммерческое предложение (Россия)',
  ),
  6 => 
  array (
    'id' => '13',
    'name' => 'Договор подряда (Россия)',
  ),
  7 => 
  array (
    'id' => '15',
    'name' => 'Договор поставки (Россия)',
  ),
  8 => 
  array (
    'id' => '17',
    'name' => 'Договор оказания услуг (Россия)',
  ),
  9 => 
  array (
    'id' => '19',
    'name' => 'Универсальный передаточный документ (Россия)',
  ),
  10 => 
  array (
    'id' => '21',
    'name' => 'Акт об оприходовании запасов (Россия)',
  ),
  11 => 
  array (
    'id' => '23',
    'name' => 'Приходная накладная (Россия)',
  ),
  12 => 
  array (
    'id' => '25',
    'name' => 'Накладная о внутреннем перемещении (Россия)',
  ),
  13 => 
  array (
    'id' => '27',
    'name' => 'Реализация товаров (Россия)',
  ),
  14 => 
  array (
    'id' => '29',
    'name' => 'Соглашение ЭДО ФЛ (Россия)',
  ),
  15 => 
  array (
    'id' => '33',
    'name' => 'Соглашение ЭДО ЮЛ (Россия)',
  ),
  31 => 
  array (
    'id' => '31',
    'name' => 'Соглашение ЭДО ФЛ (Россия)',
  ),
  33 => 
  array (
    'id' => '35',
    'name' => 'Соглашение ЭДО ЮЛ (Россия)',
  ),
  34 => 
  array (
    'id' => '37',
    'name' => 'Акт о списании товаров (Россия)',
  ),
)array (
  0 => 
  array (
    'id' => '47',
    'name' => 'Акт (Россия)',
  ),
  1 => 
  array (
    'id' => '48',
    'name' => 'Счет (Россия)',
  ),
  2 => 
  array (
    'id' => '49',
    'name' => 'Счет-фактура (Россия)',
  ),
  3 => 
  array (
    'id' => '50',
    'name' => 'Накладная (Россия)',
  ),
  4 => 
  array (
    'id' => '51',
    'name' => 'Доверенность (Россия)',
  ),
  5 => 
  array (
    'id' => '52',
    'name' => 'Коммерческое предложение (Россия)',
  ),
  6 => 
  array (
    'id' => '53',
    'name' => 'Договор подряда (Россия)',
  ),
  7 => 
  array (
    'id' => '54',
    'name' => 'Договор поставки (Россия)',
  ),
  8 => 
  array (
    'id' => '55',
    'name' => 'Договор оказания услуг (Россия)',
  ),
  9 => 
  array (
    'id' => '56',
    'name' => 'Универсальный передаточный документ (Россия)',
  ),
  10 => 
  array (
    'id' => '61',
    'name' => 'Соглашение ЭДО ФЛ (Россия)',
  ),
  11 => 
  array (
    'id' => '63',
    'name' => 'Соглашение ЭДО ЮЛ (Россия)',
  ),
)