[2026-05-08 15:28:38] === НОВЫЙ ЗАПРОС ===
------------------------------------------------------------
[2026-05-08 15:28:38] REQUEST_METHOD: POST
------------------------------------------------------------
[2026-05-08 15:28:38] member_id: fb9e06f6a7d785a1e95b8a9a81c02bf1
------------------------------------------------------------
[2026-05-08 15:28:38] overCRest initialized successfully
------------------------------------------------------------
[2026-05-08 15:28:38] Parsed: command=, dialogId=, botId=
------------------------------------------------------------
[2026-05-08 15:28:38] No command found, exiting
------------------------------------------------------------
[2026-05-08 15:28:49] === НОВЫЙ ЗАПРОС ===
------------------------------------------------------------
[2026-05-08 15:28:49] REQUEST_METHOD: POST
------------------------------------------------------------
[2026-05-08 15:28:49] member_id: fb9e06f6a7d785a1e95b8a9a81c02bf1
------------------------------------------------------------
[2026-05-08 15:28:49] overCRest initialized successfully
------------------------------------------------------------
[2026-05-08 15:28:49] Found command in data.command.command format: /overplan_button_26
------------------------------------------------------------
[2026-05-08 15:28:49] Parsed: command=/overplan_button_26, dialogId=chat8, botId=20
------------------------------------------------------------
[2026-05-08 15:28:49] Clean command: overplan_button_26
------------------------------------------------------------
[2026-05-08 15:28:49] Portal settings found: botId=20, chatId=8
------------------------------------------------------------
[2026-05-08 15:28:49] Extracted button ID: 26
------------------------------------------------------------
[2026-05-08 15:28:49] Get button result success: yes
------------------------------------------------------------
[2026-05-08 15:28:49] Action type: workflow, buttonText: Кнопка
------------------------------------------------------------
[2026-05-08 15:28:49] Workflow template ID: 32, document ID: 
------------------------------------------------------------
[2026-05-08 15:28:49] Template info:
Array
(
    [result] => Array
        (
            [0] => Array
                (
                    [ID] => 32
                    [NAME] => Шаблон бизнес-процесса
                    [DOCUMENT_TYPE] => Array
                        (
                            [0] => lists
                            [1] => BizprocDocument
                            [2] => iblock_34
                        )

                    [MODULE_ID] => lists
                    [ENTITY] => BizprocDocument
                )

        )

    [total] => 1
    [time] => Array
        (
            [start] => 1778243329
            [finish] => 1778243329.394
            [duration] => 0.39404106140137
            [processing] => 0
            [date_start] => 2026-05-08T15:28:49+03:00
            [date_finish] => 2026-05-08T15:28:49+03:00
            [operating_reset_at] => 1778243929
            [operating] => 0
        )

)

------------------------------------------------------------
[2026-05-08 15:28:49] Module: lists, Entity: BizprocDocument, IblockId: 34, IblockTypeId: bitrix_processes
------------------------------------------------------------
[2026-05-08 15:28:50] Create new element result:
Array
(
    [result] => 28
    [time] => Array
        (
            [start] => 1778243329
            [finish] => 1778243330.0569
            [duration] => 1.0568890571594
            [processing] => 1
            [date_start] => 2026-05-08T15:28:49+03:00
            [date_finish] => 2026-05-08T15:28:50+03:00
            [operating_reset_at] => 1778243929
            [operating] => 1.6546461582184
        )

)

------------------------------------------------------------
[2026-05-08 15:28:50] Created new document with ID: 28
------------------------------------------------------------
[2026-05-08 15:28:50] Document IDs to try:
Array
(
    [0] => Array
        (
            [0] => lists
            [1] => BizprocDocument
            [2] => 28
        )

    [1] => Array
        (
            [0] => lists
            [1] => Bitrix\Lists\BizprocDocumentLists
            [2] => 28
        )

    [2] => Array
        (
            [0] => lists
            [1] => BizprocDocument
            [2] => iblock_34_28
        )

)

------------------------------------------------------------
[2026-05-08 15:28:51] Workflow start try with DOCUMENT_ID ["lists","BizprocDocument","28"]:
Array
(
    [result] => 69fdd7022e6243.63200279
    [time] => Array
        (
            [start] => 1778243330
            [finish] => 1778243331.3037
            [duration] => 1.3037490844727
            [processing] => 1
            [date_start] => 2026-05-08T15:28:50+03:00
            [date_finish] => 2026-05-08T15:28:51+03:00
            [operating_reset_at] => 1778243930
            [operating] => 2.2917158603668
        )

)

------------------------------------------------------------
[2026-05-08 15:28:51] === ЗАПРОС ОБРАБОТАН ===
------------------------------------------------------------
[2026-05-08 15:31:00] === НОВЫЙ ЗАПРОС ===
------------------------------------------------------------
[2026-05-08 15:31:00] REQUEST_METHOD: POST
------------------------------------------------------------
[2026-05-08 15:31:00] member_id: fb9e06f6a7d785a1e95b8a9a81c02bf1
------------------------------------------------------------
[2026-05-08 15:31:00] overCRest initialized successfully
------------------------------------------------------------
[2026-05-08 15:31:00] Found command in data.command.command format: /overplan_button_26
------------------------------------------------------------
[2026-05-08 15:31:00] Parsed: command=/overplan_button_26, dialogId=chat8, botId=20
------------------------------------------------------------
[2026-05-08 15:31:00] Clean command: overplan_button_26
------------------------------------------------------------
[2026-05-08 15:31:00] Portal settings found: botId=20, chatId=8
------------------------------------------------------------
[2026-05-08 15:31:00] Extracted button ID: 26
------------------------------------------------------------
[2026-05-08 15:31:00] Get button result success: yes
------------------------------------------------------------
[2026-05-08 15:31:00] Action type: workflow, buttonText: Кнопка
------------------------------------------------------------
[2026-05-08 15:31:00] Workflow template ID: 32, document ID: 
------------------------------------------------------------
[2026-05-08 15:31:00] Template info:
Array
(
    [result] => Array
        (
            [0] => Array
                (
                    [ID] => 32
                    [NAME] => Шаблон бизнес-процесса
                    [DOCUMENT_TYPE] => Array
                        (
                            [0] => lists
                            [1] => BizprocDocument
                            [2] => iblock_34
                        )

                    [MODULE_ID] => lists
                    [ENTITY] => BizprocDocument
                    [AUTO_EXECUTE] => 1
                )

        )

    [total] => 1
    [time] => Array
        (
            [start] => 1778243460
            [finish] => 1778243460.4438
            [duration] => 0.44376993179321
            [processing] => 0
            [date_start] => 2026-05-08T15:31:00+03:00
            [date_finish] => 2026-05-08T15:31:00+03:00
            [operating_reset_at] => 1778244060
            [operating] => 0
        )

)

------------------------------------------------------------
[2026-05-08 15:31:00] Module: lists, Entity: BizprocDocument, IblockId: 34, IblockTypeId: bitrix_processes
------------------------------------------------------------
[2026-05-08 15:31:01] Create new element result:
Array
(
    [result] => 30
    [time] => Array
        (
            [start] => 1778243460
            [finish] => 1778243461.094
            [duration] => 1.0940370559692
            [processing] => 1
            [date_start] => 2026-05-08T15:31:00+03:00
            [date_finish] => 2026-05-08T15:31:01+03:00
            [operating_reset_at] => 1778244060
            [operating] => 1.6397070884705
        )

)

------------------------------------------------------------
[2026-05-08 15:31:01] Created new document with ID: 30
------------------------------------------------------------
[2026-05-08 15:31:01] Document IDs to try:
Array
(
    [0] => Array
        (
            [0] => lists
            [1] => BizprocDocument
            [2] => 30
        )

    [1] => Array
        (
            [0] => lists
            [1] => Bitrix\Lists\BizprocDocumentLists
            [2] => 30
        )

    [2] => Array
        (
            [0] => lists
            [1] => BizprocDocument
            [2] => iblock_34_30
        )

)

------------------------------------------------------------
[2026-05-08 15:31:01] Auto execute info
Array
(
    [AUTO_EXECUTE] => 1
    [documentWasAutoCreated] => 1
    [skipManualStart] => 1
)

------------------------------------------------------------
[2026-05-08 15:31:01] === ЗАПРОС ОБРАБОТАН ===
------------------------------------------------------------
