[2026-05-08 15:28:32] === СОЗДАНИЕ КНОПКИ В ЧАТЕ ===
--------------------------------------------------------------------------------
[2026-05-08 15:28:33] ERROR: Bot not found in portal settings
--------------------------------------------------------------------------------
[2026-05-08 15:28:41] === СОЗДАНИЕ КНОПКИ В ЧАТЕ ===
--------------------------------------------------------------------------------
[2026-05-08 15:28:42] Bot ID: 20, Chat ID: 8
--------------------------------------------------------------------------------
[2026-05-08 15:28:42] Command registration result:
Array
(
    [result] => Array
        (
            [command] => Array
                (
                    [id] => 42
                    [botId] => 20
                    [command] => /overplan_button_26
                    [common] => 1
                    [hidden] => 1
                    [extranetSupport] => 1
                )

        )

    [time] => Array
        (
            [start] => 1778243322
            [finish] => 1778243322.1351
            [duration] => 0.13505101203918
            [processing] => 0
            [date_start] => 2026-05-08T15:28:42+03:00
            [date_finish] => 2026-05-08T15:28:42+03:00
            [operating_reset_at] => 1778243922
            [operating] => 0
        )

)

--------------------------------------------------------------------------------
[2026-05-08 15:28:42] Command registered with ID: 42
--------------------------------------------------------------------------------
[2026-05-08 15:28:42] Message send result:
Array
(
    [result] => Array
        (
            [id] => 158
            [uuidMap] => Array
                (
                )

        )

    [time] => Array
        (
            [start] => 1778243322
            [finish] => 1778243322.2609
            [duration] => 0.2608950138092
            [processing] => 0
            [date_start] => 2026-05-08T15:28:42+03:00
            [date_finish] => 2026-05-08T15:28:42+03:00
            [operating_reset_at] => 1778243922
            [operating] => 0
        )

)

--------------------------------------------------------------------------------
[2026-05-08 15:28:42] Button update result:
Array
(
    [result] => 1
    [time] => Array
        (
            [start] => 1778243322
            [finish] => 1778243322.3816
            [duration] => 0.38159799575806
            [processing] => 0
            [date_start] => 2026-05-08T15:28:42+03:00
            [date_finish] => 2026-05-08T15:28:42+03:00
            [operating_reset_at] => 1778243922
            [operating] => 0
        )

)

--------------------------------------------------------------------------------
[2026-05-08 15:28:42] === ГОТОВО ===
--------------------------------------------------------------------------------
